Microchip MPLAB XC8 Compiler V2.40

Linker command line:

-W-3 \
  --edf=C:\Program Files\Microchip\xc8\v2.40\pic\dat\20220703182018_en.msgs \
  -cn -h+dist/default/debug\RGB_Controller.X.debug.sym \
  --cmf=dist/default/debug\RGB_Controller.X.debug.cmf -z -Q18F16Q40 \
  -oC:\Users\Noe\AppData\Local\Temp\xcAs5o8.4 --defsym=__MPLAB_BUILD=1 \
  --fixupoverflow=error -Mdist/default/debug/RGB_Controller.X.debug.map \
  --md=C:\Users\Noe\AppData\Local\Temp\xcAs5o8.dat -E1 -ver=XC8 Compiler \
  --acfsm=1493 -ACODE=00h-0FFFFh -ACONST=00h-0FFFFh \
  -ASMALLCONST=01600h-016FFhx234 -AMEDIUMCONST=01600h-0FFFFh \
  -ACOMRAM=0501h-055Fh -AABS1=0500h-015FFh -ABIGRAM=0501h-015FFh \
  -ARAM=0560h-05FFh,0600h-06FFhx16 -ABANK5=0560h-05FFh -ABANK6=0600h-06FFh \
  -ABANK7=0700h-07FFh -ABANK8=0800h-08FFh -ABANK9=0900h-09FFh \
  -ABANK10=0A00h-0AFFh -ABANK11=0B00h-0BFFh -ABANK12=0C00h-0CFFh \
  -ABANK13=0D00h-0DFFh -ABANK14=0E00h-0EFFh -ABANK15=0F00h-0FFFh \
  -ABANK16=01000h-010FFh -ABANK17=01100h-011FFh -ABANK18=01200h-012FFh \
  -ABANK19=01300h-013FFh -ABANK20=01400h-014FFh -ABANK21=01500h-015FFh \
  -ASFR=00h-0FFhx4,0400h-045Fh,0460h-04FFh -ABIGSFR=00h-04FFh \
  -ACONFIG=0300000h-0300011h -AIDLOC=0200000h-020001Fh \
  -AEEDATA=0380000h-03803FFh -peeprom_data=EEDATA -preset_vec=00h \
  -ppowerup=CODE,init -pramtop=01600h -psmallconst=SMALLCONST \
  -pmediumconst=MEDIUMCONST -pconst=CONST -AFARRAM=00h-00h \
  -prdata=COMRAM,nvrram=COMRAM,nvbit=COMRAM,rbss=COMRAM,rbit=COMRAM \
  -pfarbss=FARRAM,fardata=FARRAM,nvFARRAM=FARRAM \
  -pintsave_regs=BIGRAM,bigbss=BIGRAM,bigdata=BIGRAM -pbss=RAM \
  -pidata=CODE,irdata=CODE,ibigdata=CODE,ifardata=CODE -prparam=COMRAM \
  C:\Users\Noe\AppData\Local\Temp\xcAs5o8.o \
  dist/default/debug\RGB_Controller.X.debug.o 

Object code version is 3.11

Machine type is 18F16Q40



                Name                               Link     Load   Length Selector   Space Scale
C:\Users\Noe\AppData\Local\Temp\xcAs5o8.o
                idloc                            200000   200000       20        0       5
                config                           300000   300000        A        0       4
                init                               FFFC     FFFC        4     7FFE       0
                reset_vec                             0        0        6        0       0
dist/default/debug\RGB_Controller.X.debug.o
                idloc                            200000   200000       20        0       5
                config                           300000   300000        A        0       4
                text18                             D9AC     D9AC        8     6CD6       0
                text17                             DA66     DA66       30     6D33       0
                text16                             D9FA     D9FA       18     6CFD       0
                text15                             DA96     DA96       4E     6D4B       0
                text14                             DA12     DA12       1C     6D09       0
                text13                             D9B4     D9B4        C     6CDA       0
                text12                             DD7E     DD7E       D4     6EBF       0
                text11                             D9E4     D9E4       16     6CF2       0
                text10                             DCF2     DCF2       8C     6E79       0
                text9                              DBFE     DBFE       7A     6DFF       0
                text8                              DB38     DB38       5C     6D9C       0
                text7                              DA2E     DA2E       1C     6D17       0
                text6                              DAE4     DAE4       54     6D72       0
                text5                              DA4A     DA4A       1C     6D25       0
                text4                              D9C0     D9C0       12     6CE0       0
                text3                              DE52     DE52      10C     6F29       0
                text2                              DB94     DB94       6A     6DCA       0
                text1                              DC78     DC78       7A     6E3C       0
                cstackCOMRAM                        501      501       33      501       1
                cstackBANK5                         560      560       34      560       1
                bssCOMRAM                           534      534        4      501       1
                cinit                              D9D2     D9D2       12     6CE9       0
                text0                              DF5E     DF5E     209E     6FAF       0

TOTAL           Name                               Link     Load   Length     Space
        CLASS   CODE           
                init                               FFFC     FFFC        4         0
                reset_vec                             0        0        6         0
                text18                             D9AC     D9AC        8         0
                text17                             DA66     DA66       30         0
                text16                             D9FA     D9FA       18         0
                text15                             DA96     DA96       4E         0
                text14                             DA12     DA12       1C         0
                text13                             D9B4     D9B4        C         0
                text12                             DD7E     DD7E       D4         0
                text11                             D9E4     D9E4       16         0
                text10                             DCF2     DCF2       8C         0
                text9                              DBFE     DBFE       7A         0
                text8                              DB38     DB38       5C         0
                text7                              DA2E     DA2E       1C         0
                text6                              DAE4     DAE4       54         0
                text5                              DA4A     DA4A       1C         0
                text4                              D9C0     D9C0       12         0
                text3                              DE52     DE52      10C         0
                text2                              DB94     DB94       6A         0
                text1                              DC78     DC78       7A         0
                cinit                              D9D2     D9D2       12         0
                text0                              DF5E     DF5E     209E         0

        CLASS   CONST          

        CLASS   SMALLCONST     

        CLASS   MEDIUMCONST    

        CLASS   COMRAM         
                cstackCOMRAM                        501      501       33         1
                bssCOMRAM                           534      534        4         1

        CLASS   ABS1           
                abs_s1                             1500     1500        2         1

        CLASS   BIGRAM         

        CLASS   RAM            

        CLASS   BANK5          
                cstackBANK5                         560      560       34         1

        CLASS   BANK6          

        CLASS   BANK7          

        CLASS   BANK8          

        CLASS   BANK9          

        CLASS   BANK10         

        CLASS   BANK11         

        CLASS   BANK12         

        CLASS   BANK13         

        CLASS   BANK14         

        CLASS   BANK15         

        CLASS   BANK16         

        CLASS   BANK17         

        CLASS   BANK18         

        CLASS   BANK19         

        CLASS   BANK20         

        CLASS   BANK21         

        CLASS   SFR            

        CLASS   BIGSFR         

        CLASS   CONFIG         
                config                           300000   300000        A         4

        CLASS   IDLOC          
                idloc                            200000   200000       20         5

        CLASS   EEDATA         

        CLASS   FARRAM         

        CLASS   HEAP           

        CLASS   STACK          



SEGMENTS        Name                           Load    Length   Top    Selector   Space  Class

                reset_vec                      000000  000006  000006         0       0  CODE    
                cstackCOMRAM                   000501  000037  000538       501       1  COMRAM  
                cstackBANK5                    000560  000034  000594       560       1  BANK5   
                text18                         00D9AC  000008  00D9B4      6CD6       0  CODE    
                text13                         00D9B4  00000C  00D9C0      6CDA       0  CODE    
                text4                          00D9C0  000012  00D9D2      6CE0       0  CODE    
                cinit                          00D9D2  000012  00D9E4      6CE9       0  CODE    
                text11                         00D9E4  000016  00D9FA      6CF2       0  CODE    
                text16                         00D9FA  000018  00DA12      6CFD       0  CODE    
                text14                         00DA12  00001C  00DA2E      6D09       0  CODE    
                text7                          00DA2E  00001C  00DA4A      6D17       0  CODE    
                text5                          00DA4A  00001C  00DA66      6D25       0  CODE    
                text17                         00DA66  000030  00DA96      6D33       0  CODE    
                text15                         00DA96  00004E  00DAE4      6D4B       0  CODE    
                text6                          00DAE4  000054  00DB38      6D72       0  CODE    
                text8                          00DB38  00005C  00DB94      6D9C       0  CODE    
                text2                          00DB94  00006A  00DBFE      6DCA       0  CODE    
                text9                          00DBFE  00007A  00DC78      6DFF       0  CODE    
                text1                          00DC78  00007A  00DCF2      6E3C       0  CODE    
                text10                         00DCF2  00008C  00DD7E      6E79       0  CODE    
                text12                         00DD7E  0000D4  00DE52      6EBF       0  CODE    
                text3                          00DE52  00010C  00DF5E      6F29       0  CODE    
                text0                          00DF5E  00209E  00FFFC      6FAF       0  CODE    
                init                           00FFFC  000004  010000      7FFE       0  CODE    


UNUSED ADDRESS RANGES

        Name                Unused          Largest block    Delta
        BANK10           000A00-000AFF              100
        BANK11           000B00-000BFF              100
        BANK12           000C00-000CFF              100
        BANK13           000D00-000DFF              100
        BANK14           000E00-000EFF              100
        BANK15           000F00-000FFF              100
        BANK16           001000-0010FF              100
        BANK17           001100-0011FF              100
        BANK18           001200-0012FF              100
        BANK19           001300-0013FF              100
        BANK20           001400-0014FF              100
        BANK21           001502-0015FF               FE
        BANK5            000594-0005FF               6C
        BANK6            000600-0006FF              100
        BANK7            000700-0007FF              100
        BANK8            000800-0008FF              100
        BANK9            000900-0009FF              100
        BIGRAM           000538-00055F               28
                         000594-0014FF              F6C
                         001502-0015FF               FE
        BIGSFR           000000-0004FF              500
        CODE             000006-00D9AB             D9A6
        COMRAM           000538-00055F               28
        CONFIG           30000A-300011                8
        CONST            000006-00D9AB             D9A6
        EEDATA           380000-3803FF              400
        MEDIUMCONST      001600-00D9AB             C3AC
        RAM              000594-0014FF              100
                         001502-0015FF               FE
        SFR              000000-0004FF              100
        SMALLCONST       001600-00D9AB              100

                                  Symbol Table

?_ADCC_GetSingleConversion             cstackCOMRAM 000501
?___aldiv                              cstackCOMRAM 00050D
?___lmul                               cstackCOMRAM 000501
?___ltdiv                              cstackCOMRAM 000501
?_map                                  cstackCOMRAM 00051B
ADCC_GetSingleConversion@channel       cstackCOMRAM 000505
DATAEE_ReadByte@bAdd                   cstackCOMRAM 000501
DATAEE_WriteByte@GIEBitValue           cstackCOMRAM 000504
DATAEE_WriteByte@bAdd                  cstackCOMRAM 000501
DATAEE_WriteByte@bData                 cstackCOMRAM 000503
LED_WriteFull@blue                     cstackCOMRAM 00050C
LED_WriteFull@green                    cstackCOMRAM 00050B
LED_WriteFull@i                        cstackCOMRAM 000514
LED_WriteFull@ledcount                 cstackCOMRAM 00050D
LED_WriteFull@red                      cstackCOMRAM 000510
LED_WriteFull@x                        cstackCOMRAM 000511
WS2812B_Write@B                        cstackCOMRAM 000503
WS2812B_Write@G                        cstackCOMRAM 000502
WS2812B_Write@R                        cstackCOMRAM 000504
_ACTCON                                (abs)        0000AC
_ADACCH                                (abs)        0003E4
_ADACCL                                (abs)        0003E3
_ADACCU                                (abs)        0003E5
_ADACQH                                (abs)        0003EF
_ADACQL                                (abs)        0003EE
_ADACT                                 (abs)        0003F9
_ADCAP                                 (abs)        0003F0
_ADCC_DischargeSampleCapacitor         text18       00D9AC
_ADCC_GetSingleConversion              text17       00DA66
_ADCC_Initialize                       text8        00DB38
_ADCLK                                 (abs)        0003FA
_ADCNT                                 (abs)        0003E6
_ADCON0                                (abs)        0003F3
_ADCON0bits                            (abs)        0003F3
_ADCON1                                (abs)        0003F4
_ADCON1bits                            (abs)        0003F4
_ADCON2                                (abs)        0003F5
_ADCON2bits                            (abs)        0003F5
_ADCON3                                (abs)        0003F6
_ADCON3bits                            (abs)        0003F6
_ADERRH                                (abs)        0003DE
_ADERRL                                (abs)        0003DD
_ADFLTRH                               (abs)        0003E2
_ADFLTRL                               (abs)        0003E1
_ADLTHH                                (abs)        0003DA
_ADLTHL                                (abs)        0003D9
_ADPCH                                 (abs)        0003EC
_ADPREH                                (abs)        0003F2
_ADPREL                                (abs)        0003F1
_ADPREVH                               (abs)        0003E9
_ADPREVL                               (abs)        0003E8
_ADREF                                 (abs)        0003F8
_ADRESH                                (abs)        0003EB
_ADRESL                                (abs)        0003EA
_ADRPT                                 (abs)        0003E7
_ADSTAT                                (abs)        0003F7
_ADSTATbits                            (abs)        0003F7
_ADSTPTH                               (abs)        0003E0
_ADSTPTL                               (abs)        0003DF
_ADUTHH                                (abs)        0003DC
_ADUTHL                                (abs)        0003DB
_ANSELA                                (abs)        000400
_ANSELB                                (abs)        000408
_ANSELC                                (abs)        000410
_DATAEE_ReadByte                       text16       00D9FA
_DATAEE_WriteByte                      text15       00DA96
_INLVLA                                (abs)        000404
_INLVLB                                (abs)        00040C
_INLVLC                                (abs)        000414
_INTCON0bits                           (abs)        0004D6
_LATA                                  (abs)        0004BE
_LATAbits                              (abs)        0004BE
_LATB                                  (abs)        0004BF
_LATBbits                              (abs)        0004BF
_LATC                                  (abs)        0004C0
_LATCbits                              (abs)        0004C0
_LED_WriteFull                         text9        00DBFE
_NVMADRH                               (abs)        000044
_NVMADRL                               (abs)        000043
_NVMADRU                               (abs)        000045
_NVMCON0bits                           (abs)        000040
_NVMCON1bits                           (abs)        000041
_NVMDATL                               (abs)        000046
_NVMLOCK                               (abs)        000042
_ODCONA                                (abs)        000402
_ODCONB                                (abs)        00040A
_ODCONC                                (abs)        000412
_OSCCON1                               (abs)        0000AD
_OSCCON3                               (abs)        0000AF
_OSCEN                                 (abs)        0000B3
_OSCFRQ                                (abs)        0000B1
_OSCILLATOR_Initialize                 text7        00DA2E
_OSCTUNE                               (abs)        0000B0
_PIN_MANAGER_Initialize                text6        00DAE4
_PIR0bits                              (abs)        0004B3
_PMD0                                  (abs)        000063
_PMD1                                  (abs)        000064
_PMD2                                  (abs)        000065
_PMD3                                  (abs)        000066
_PMD4                                  (abs)        000067
_PMD5                                  (abs)        000068
_PMD_Initialize                        text5        00DA4A
_PORTAbits                             (abs)        0004CE
_PORTBbits                             (abs)        0004CF
_PORTCbits                             (abs)        0004D0
_SLRCONA                               (abs)        000403
_SLRCONB                               (abs)        00040B
_SLRCONC                               (abs)        000413
_SYSTEM_Initialize                     text4        00D9C0
_TABLAT                                (abs)        0004F5
_TBLPTRH                               (abs)        0004F7
_TBLPTRL                               (abs)        0004F6
_TBLPTRU                               (abs)        0004F8
_TRISA                                 (abs)        0004C6
_TRISB                                 (abs)        0004C7
_TRISC                                 (abs)        0004C8
_WPUA                                  (abs)        000401
_WPUB                                  (abs)        000409
_WPUC                                  (abs)        000411
_WS2812B_Write                         text11       00D9E4
__HRAM                                 (abs)        000000
__Habs1                                abs1         000000
__Hbank10                              bank10       000000
__Hbank11                              bank11       000000
__Hbank12                              bank12       000000
__Hbank13                              bank13       000000
__Hbank14                              bank14       000000
__Hbank15                              bank15       000000
__Hbank16                              bank16       000000
__Hbank17                              bank17       000000
__Hbank18                              bank18       000000
__Hbank19                              bank19       000000
__Hbank20                              bank20       000000
__Hbank21                              bank21       000000
__Hbank5                               bank5        000000
__Hbank6                               bank6        000000
__Hbank7                               bank7        000000
__Hbank8                               bank8        000000
__Hbank9                               bank9        000000
__Hbigbss                              bigbss       000000
__Hbigdata                             bigdata      000000
__Hbigram                              bigram       000000
__Hbigsfr                              bigsfr       000000
__Hbss                                 bss          000000
__HbssCOMRAM                           bssCOMRAM    000000
__Hcinit                               cinit        000000
__Hclrtext                             clrtext      000000
__Hcomram                              comram       000000
__Hconfig                              config       30000A
__Hconst                               const        000000
__HcstackBANK5                         cstackBANK5  000000
__HcstackCOMRAM                        cstackCOMRAM 000000
__Hdata                                data         000000
__Heeprom_data                         eeprom_data  000000
__Hfarbss                              farbss       000000
__Hfardata                             fardata      000000
__Hheap                                heap         000000
__Hibigdata                            ibigdata     000000
__Hidata                               idata        000000
__Hidloc                               idloc        200020
__Hifardata                            ifardata     000000
__Hinit                                init         010000
__Hintsave_regs                        intsave_regs 000000
__Hirdata                              irdata       000000
__Hmediumconst                         mediumconst  000000
__HnvFARRAM                            nvFARRAM     000000
__Hnvbit                               nvbit        000000
__Hnvrram                              nvrram       000000
__Hparam                               rparam       000000
__Hpowerup                             powerup      000000
__Hram                                 ram          000000
__Hramtop                              ramtop       001600
__Hrbit                                rbit         000000
__Hrbss                                rbss         000000
__Hrdata                               rdata        000000
__Hreset_vec                           reset_vec    000006
__Hrparam                              rparam       000000
__Hsfr                                 sfr          000000
__Hsmallconst                          smallconst   000000
__Hspace_0                             (abs)        010000
__Hspace_1                             (abs)        000594
__Hspace_2                             (abs)        000000
__Hspace_4                             (abs)        60000A
__Hstack                               stack        000000
__Hstruct                              struct       000000
__Htemp                                temp         000000
__Htext                                text         000000
__Htext0                               text0        000000
__Htext1                               text1        000000
__Htext10                              text10       000000
__Htext11                              text11       000000
__Htext12                              text12       000000
__Htext13                              text13       000000
__Htext14                              text14       000000
__Htext15                              text15       000000
__Htext16                              text16       000000
__Htext17                              text17       000000
__Htext18                              text18       000000
__Htext2                               text2        000000
__Htext3                               text3        000000
__Htext4                               text4        000000
__Htext5                               text5        000000
__Htext6                               text6        000000
__Htext7                               text7        000000
__Htext8                               text8        000000
__Htext9                               text9        000000
__LRAM                                 (abs)        000001
__Labs1                                abs1         000000
__Lbank10                              bank10       000000
__Lbank11                              bank11       000000
__Lbank12                              bank12       000000
__Lbank13                              bank13       000000
__Lbank14                              bank14       000000
__Lbank15                              bank15       000000
__Lbank16                              bank16       000000
__Lbank17                              bank17       000000
__Lbank18                              bank18       000000
__Lbank19                              bank19       000000
__Lbank20                              bank20       000000
__Lbank21                              bank21       000000
__Lbank5                               bank5        000000
__Lbank6                               bank6        000000
__Lbank7                               bank7        000000
__Lbank8                               bank8        000000
__Lbank9                               bank9        000000
__Lbigbss                              bigbss       000000
__Lbigdata                             bigdata      000000
__Lbigram                              bigram       000000
__Lbigsfr                              bigsfr       000000
__Lbss                                 bss          000000
__LbssCOMRAM                           bssCOMRAM    000000
__Lcinit                               cinit        000000
__Lclrtext                             clrtext      000000
__Lcomram                              comram       000000
__Lconfig                              config       000000
__Lconst                               const        000000
__LcstackBANK5                         cstackBANK5  000000
__LcstackCOMRAM                        cstackCOMRAM 000000
__Ldata                                data         000000
__Leeprom_data                         eeprom_data  000000
__Lfarbss                              farbss       000000
__Lfardata                             fardata      000000
__Lheap                                heap         000000
__Libigdata                            ibigdata     000000
__Lidata                               idata        000000
__Lidloc                               idloc        000000
__Lifardata                            ifardata     000000
__Linit                                init         00FFFC
__Lintsave_regs                        intsave_regs 000000
__Lirdata                              irdata       000000
__Lmediumconst                         mediumconst  000000
__LnvFARRAM                            nvFARRAM     000000
__Lnvbit                               nvbit        000000
__Lnvrram                              nvrram       000000
__Lparam                               rparam       000000
__Lpowerup                             powerup      000000
__Lram                                 ram          000000
__Lramtop                              ramtop       001600
__Lrbit                                rbit         000000
__Lrbss                                rbss         000000
__Lrdata                               rdata        000000
__Lreset_vec                           reset_vec    000000
__Lrparam                              rparam       000000
__Lsfr                                 sfr          000000
__Lsmallconst                          smallconst   000000
__Lspace_0                             (abs)        000000
__Lspace_1                             (abs)        000000
__Lspace_2                             (abs)        000000
__Lspace_4                             (abs)        000000
__Lstack                               stack        000000
__Lstruct                              struct       000000
__Ltemp                                temp         000000
__Ltext                                text         000000
__Ltext0                               text0        000000
__Ltext1                               text1        000000
__Ltext10                              text10       000000
__Ltext11                              text11       000000
__Ltext12                              text12       000000
__Ltext13                              text13       000000
__Ltext14                              text14       000000
__Ltext15                              text15       000000
__Ltext16                              text16       000000
__Ltext17                              text17       000000
__Ltext18                              text18       000000
__Ltext2                               text2        000000
__Ltext3                               text3        000000
__Ltext4                               text4        000000
__Ltext5                               text5        000000
__Ltext6                               text6        000000
__Ltext7                               text7        000000
__Ltext8                               text8        000000
__Ltext9                               text9        000000
__S0                                   (abs)        010000
__S1                                   (abs)        000594
__S4                                   (abs)        000000
__S5                                   (abs)        000000
___aldiv                               text3        00DE52
___aldiv@counter                       cstackCOMRAM 000515
___aldiv@dividend                      cstackCOMRAM 00050D
___aldiv@divisor                       cstackCOMRAM 000511
___aldiv@quotient                      cstackCOMRAM 000517
___aldiv@sign                          cstackCOMRAM 000516
___heap_hi                             (abs)        000000
___heap_lo                             (abs)        000000
___inthi_sp                            stack        000000
___intlo_sp                            stack        000000
___lmul                                text2        00DB94
___lmul@multiplicand                   cstackCOMRAM 000505
___lmul@multiplier                     cstackCOMRAM 000501
___lmul@product                        cstackCOMRAM 000509
___ltdiv                               text10       00DCF2
___ltdiv@counter                       cstackCOMRAM 00050A
___ltdiv@dividend                      cstackCOMRAM 000501
___ltdiv@divisor                       cstackCOMRAM 000504
___ltdiv@quotient                      cstackCOMRAM 000507
___param_bank                          (abs)        000000
___rparam_used                         (abs)        000001
___sp                                  stack        000000
__accesstop                            (abs)        000560
__activetblptr                         (abs)        000002
__end_of_ADCC_DischargeSampleCapacitor text18       00D9B4
__end_of_ADCC_GetSingleConversion      text17       00DA96
__end_of_ADCC_Initialize               text8        00DB94
__end_of_DATAEE_ReadByte               text16       00DA12
__end_of_DATAEE_WriteByte              text15       00DAE4
__end_of_LED_WriteFull                 text9        00DC78
__end_of_OSCILLATOR_Initialize         text7        00DA4A
__end_of_PIN_MANAGER_Initialize        text6        00DB38
__end_of_PMD_Initialize                text5        00DA66
__end_of_SYSTEM_Initialize             text4        00D9D2
__end_of_WS2812B_Write                 text11       00D9FA
__end_of___aldiv                       text3        00DF5E
__end_of___lmul                        text2        00DBFE
__end_of___ltdiv                       text10       00DD7E
__end_of__initialization               cinit        00D9DA
__end_of_main                          text0        00FFFC
__end_of_map                           text1        00DCF2
__end_of_onePulse                      text14       00DA2E
__end_of_ws_send_byte                  text12       00DE52
__end_of_zeroPulse                     text13       00D9C0
__initialization                       cinit        00D9D2
__mediumconst                          mediumconst  000000
__pbssCOMRAM                           bssCOMRAM    000534
__pcinit                               cinit        00D9D2
__pcstackBANK5                         cstackBANK5  000560
__pcstackCOMRAM                        cstackCOMRAM 000501
__ptext0                               text0        00DF5E
__ptext1                               text1        00DC78
__ptext10                              text10       00DCF2
__ptext11                              text11       00D9E4
__ptext12                              text12       00DD7E
__ptext13                              text13       00D9B4
__ptext14                              text14       00DA12
__ptext15                              text15       00DA96
__ptext16                              text16       00D9FA
__ptext17                              text17       00DA66
__ptext18                              text18       00D9AC
__ptext2                               text2        00DB94
__ptext3                               text3        00DE52
__ptext4                               text4        00D9C0
__ptext5                               text5        00DA4A
__ptext6                               text6        00DAE4
__ptext7                               text7        00DA2E
__ptext8                               text8        00DB38
__ptext9                               text9        00DBFE
__ramtop                               ramtop       001600
__smallconst                           smallconst   000000
_bufferRAM                             (abs)        001500
_loopTimeCnt                           bssCOMRAM    000536
_loopTimeMS                            bssCOMRAM    000534
_main                                  text0        00DF5E
_map                                   text1        00DC78
_onePulse                              text14       00DA12
_ws_send_byte                          text12       00DD7E
_zeroPulse                             text13       00D9B4
end_of_initialization                  cinit        00D9DA
intlevel0                              text         000000
intlevel1                              text         000000
intlevel2                              text         000000
intlevel3                              text         000000
isa$std                                (abs)        000001
isa$xinst                              (abs)        000000
main@blue                              cstackBANK5  000592
main@blueAdj                           cstackBANK5  000578
main@blueMode1                         cstackBANK5  00058E
main@blueMode2                         cstackBANK5  000581
main@blueMode3                         cstackBANK5  000584
main@blueMode4                         cstackBANK5  000587
main@green                             cstackBANK5  000591
main@greenAdj                          cstackBANK5  000577
main@greenMode1                        cstackBANK5  00058D
main@greenMode2                        cstackBANK5  000580
main@greenMode3                        cstackBANK5  000583
main@greenMode4                        cstackBANK5  000586
main@led1Blink                         cstackBANK5  000588
main@led1StateBlink                    cstackBANK5  000570
main@led2Blink                         cstackBANK5  000589
main@led2StateBlink                    cstackBANK5  000571
main@led3Blink                         cstackBANK5  00058A
main@led3StateBlink                    cstackBANK5  000572
main@led4Blink                         cstackBANK5  00058B
main@led4StateBlink                    cstackBANK5  000573
main@red                               cstackBANK5  000590
main@redAdj                            cstackBANK5  000576
main@redMode1                          cstackBANK5  00058C
main@redMode2                          cstackBANK5  00057F
main@redMode3                          cstackBANK5  000582
main@redMode4                          cstackBANK5  000585
main@state                             cstackBANK5  000593
main@taster1Flag                       cstackBANK5  00057A
main@taster2Flag                       cstackBANK5  00057B
main@taster3Flag                       cstackBANK5  00057D
main@taster4Flag                       cstackBANK5  00057C
main@timeout100ms                      cstackBANK5  000562
main@timeout10s                        cstackBANK5  000563
main@timeout250ms                      cstackBANK5  000574
main@timeout500ms                      cstackBANK5  000575
main@timeout5s                         cstackBANK5  000560
main@timeout5sPressed1                 cstackBANK5  000565
main@timeout5sPressed2                 cstackBANK5  000567
main@timeout5sPressed3                 cstackBANK5  000569
main@timeout5sPressed4                 cstackBANK5  00056B
main@white                             cstackBANK5  00058F
main@whiteAdj                          cstackBANK5  000579
main@whiteMode1                        cstackBANK5  00057E
main@whiteMode2                        cstackBANK5  00056D
main@whiteMode3                        cstackBANK5  00056E
main@whiteMode4                        cstackBANK5  00056F
map@in_max                             cstackCOMRAM 000523
map@in_min                             cstackCOMRAM 00051F
map@out_max                            cstackCOMRAM 00052B
map@out_min                            cstackCOMRAM 000527
map@x                                  cstackCOMRAM 00051B
stackhi                                (abs)        000000
stacklo                                (abs)        000000
start                                  init         00FFFC
start_initialization                   cinit        00D9D2
ws_send_byte@K                         cstackCOMRAM 000501


MODULE INFORMATION

Module		Function		Class		Link	Load	Size
C:\Program Files\Microchip\xc8\v2.40\pic\sources\c99\common\aldiv.c
		___aldiv       		CODE           	DE52	0000	268

C:\Program Files\Microchip\xc8\v2.40\pic\sources\c99\common\aldiv.c estimated size: 268

C:\Program Files\Microchip\xc8\v2.40\pic\sources\c99\common\ltdiv.c
		___ltdiv       		CODE           	DCF2	0000	140

C:\Program Files\Microchip\xc8\v2.40\pic\sources\c99\common\ltdiv.c estimated size: 140

mcc_generated_files/pin_manager.c
		_PIN_MANAGER_Initialize		CODE           	DAE4	0000	84

mcc_generated_files/pin_manager.c estimated size: 84

C:\Program Files\Microchip\xc8\v2.40\pic\sources\c99\common\Umul32.c
		___lmul        		CODE           	DB94	0000	106

C:\Program Files\Microchip\xc8\v2.40\pic\sources\c99\common\Umul32.c estimated size: 106

DivFunctions.c
		_LED_WriteFull 		CODE           	DBFE	0000	122
		_map           		CODE           	DC78	0000	122
		_onePulse      		CODE           	DA12	0000	28
		_zeroPulse     		CODE           	D9B4	0000	12
		_ws_send_byte  		CODE           	DD7E	0000	212
		_WS2812B_Write 		CODE           	D9E4	0000	22

DivFunctions.c estimated size: 518

shared
		__initialization		CODE           	D9D2	0000	8

shared estimated size: 8

mcc_generated_files/mcc.c
		_PMD_Initialize		CODE           	DA4A	0000	28
		_OSCILLATOR_Initialize		CODE           	DA2E	0000	28
		_SYSTEM_Initialize		CODE           	D9C0	0000	18

mcc_generated_files/mcc.c estimated size: 74

mcc_generated_files/memory.c
		_DATAEE_WriteByte		CODE           	DA96	0000	78
		_DATAEE_ReadByte		CODE           	D9FA	0000	24

mcc_generated_files/memory.c estimated size: 102

mcc_generated_files/adcc.c
		_ADCC_GetSingleConversion		CODE           	DA66	0000	48
		_ADCC_Initialize		CODE           	DB38	0000	92
		_ADCC_DischargeSampleCapacitor		CODE           	D9AC	0000	8

mcc_generated_files/adcc.c estimated size: 148

main.c
		_main          		CODE           	DF5E	0000	8350

main.c estimated size: 8350

