Microchip MPLAB XC8 Compiler V2.32

Linker command line:

-W-3 --edf=C:\Program Files\Microchip\xc8\v2.32\pic\dat\en_msgs.txt -cn \
  -h+dist/default/production\RGB_Controller.X.production.sym \
  --cmf=dist/default/production\RGB_Controller.X.production.cmf -z \
  -Q18F16Q40 -oC:\Users\noe\AppData\Local\Temp\xcAsftc.4 \
  --defsym=__MPLAB_BUILD=1 \
  -Mdist/default/production/RGB_Controller.X.production.map -E1 \
  -ver=XC8 Compiler --acfsm=1493 -ASTACK=0560h-015FFh -pstack=STACK \
  -ACODE=00h-0FFFFh -ACONST=00h-0FFFFh -ASMALLCONST=01600h-016FFhx234 \
  -AMEDIUMCONST=01600h-0FFFFh -ACOMRAM=0501h-055Fh -AABS1=0500h-015FFh \
  -ABIGRAM=0501h-015FFh -ARAM=0560h-05FFh,0600h-06FFhx16 \
  -ABANK5=0560h-05FFh -ABANK6=0600h-06FFh -ABANK7=0700h-07FFh \
  -ABANK8=0800h-08FFh -ABANK9=0900h-09FFh -ABANK10=0A00h-0AFFh \
  -ABANK11=0B00h-0BFFh -ABANK12=0C00h-0CFFh -ABANK13=0D00h-0DFFh \
  -ABANK14=0E00h-0EFFh -ABANK15=0F00h-0FFFh -ABANK16=01000h-010FFh \
  -ABANK17=01100h-011FFh -ABANK18=01200h-012FFh -ABANK19=01300h-013FFh \
  -ABANK20=01400h-014FFh -ABANK21=01500h-015FFh \
  -ASFR=00h-0FFhx4,0400h-045Fh,0460h-04FFh -ACONFIG=0300000h-0300011h \
  -AIDLOC=0200000h-020001Fh -AEEDATA=0380000h-03801FFh -peeprom_data=EEDATA \
  -preset_vec=00h -ppowerup=CODE,init -pramtop=01600h \
  -psmallconst=SMALLCONST -pmediumconst=MEDIUMCONST -pconst=CONST \
  -AFARRAM=00h-00h \
  -prdata=COMRAM,nvrram=COMRAM,nvbit=COMRAM,rbss=COMRAM,rbit=COMRAM \
  -pfarbss=FARRAM,fardata=FARRAM,nvFARRAM=FARRAM \
  -pintsave_regs=BIGRAM,bigbss=BIGRAM,bigdata=BIGRAM -pbss=RAM \
  -pidata=CODE,irdata=CODE,ibigdata=CODE,ifardata=CODE -prparam=COMRAM \
  C:\Users\noe\AppData\Local\Temp\xcAsftc.o \
  dist/default/production\RGB_Controller.X.production.o 

Object code version is 3.11

Machine type is 18F16Q40



                Name                               Link     Load   Length Selector   Space Scale
C:\Users\noe\AppData\Local\Temp\xcAsftc.o
                idloc                            200000   200000       20        0       5
                config                           300000   300000        A        0       4
                init                               FFFC     FFFC        4     7FFE       0
                reset_vec                             0        0        4        0       0
dist/default/production\RGB_Controller.X.production.o
                idloc                            200000   200000       20        0       5
                config                           300000   300000        A        0       4
                text9                              FDC8     FDC8       5C     7EE4       0
                text8                              FD04     FD04       1C     7E82       0
                text7                              FD78     FD78       50     7EBC       0
                text6                              FD20     FD20       1C     7E90       0
                text5                              FCF2     FCF2       12     7E79       0
                text4                              FD58     FD58       20     7EAC       0
                text3                              FCE6     FCE6        6     7E73       0
                text2                              FE24     FE24       D4     7F12       0
                text1                              FD3C     FD3C       1C     7E9E       0
                text0                              FEF8     FEF8      104     7F7C       0
                cstackCOMRAM                        501      501        6      501       1
                cinit                              FCEC     FCEC        6     7E76       0

TOTAL           Name                               Link     Load   Length     Space
        CLASS   STACK          

        CLASS   CODE           
                init                               FFFC     FFFC        4         0
                reset_vec                             0        0        4         0
                text9                              FDC8     FDC8       5C         0
                text8                              FD04     FD04       1C         0
                text7                              FD78     FD78       50         0
                text6                              FD20     FD20       1C         0
                text5                              FCF2     FCF2       12         0
                text4                              FD58     FD58       20         0
                text3                              FCE6     FCE6        6         0
                text2                              FE24     FE24       D4         0
                text1                              FD3C     FD3C       1C         0
                text0                              FEF8     FEF8      104         0
                cinit                              FCEC     FCEC        6         0

        CLASS   CONST          

        CLASS   SMALLCONST     

        CLASS   MEDIUMCONST    

        CLASS   COMRAM         
                cstackCOMRAM                        501      501        6         1

        CLASS   ABS1           

        CLASS   BIGRAM         

        CLASS   RAM            

        CLASS   BANK5          

        CLASS   BANK6          

        CLASS   BANK7          

        CLASS   BANK8          

        CLASS   BANK9          

        CLASS   BANK10         

        CLASS   BANK11         

        CLASS   BANK12         

        CLASS   BANK13         

        CLASS   BANK14         

        CLASS   BANK15         

        CLASS   BANK16         

        CLASS   BANK17         

        CLASS   BANK18         

        CLASS   BANK19         

        CLASS   BANK20         

        CLASS   BANK21         

        CLASS   SFR            

        CLASS   CONFIG         
                config                           300000   300000        A         4

        CLASS   IDLOC          
                idloc                            200000   200000       20         5

        CLASS   EEDATA         

        CLASS   FARRAM         



SEGMENTS        Name                           Load    Length   Top    Selector   Space  Class

                reset_vec                      000000  000004  000004         0       0  CODE    
                cstackCOMRAM                   000501  000006  000507       501       1  COMRAM  
                text3                          00FCE6  000006  00FCEC      7E73       0  CODE    
                cinit                          00FCEC  000006  00FCF2      7E76       0  CODE    
                text5                          00FCF2  000012  00FD04      7E79       0  CODE    
                text8                          00FD04  00001C  00FD20      7E82       0  CODE    
                text6                          00FD20  00001C  00FD3C      7E90       0  CODE    
                text1                          00FD3C  00001C  00FD58      7E9E       0  CODE    
                text4                          00FD58  000020  00FD78      7EAC       0  CODE    
                text7                          00FD78  000050  00FDC8      7EBC       0  CODE    
                text9                          00FDC8  00005C  00FE24      7EE4       0  CODE    
                text2                          00FE24  0000D4  00FEF8      7F12       0  CODE    
                text0                          00FEF8  000104  00FFFC      7F7C       0  CODE    
                init                           00FFFC  000004  010000      7FFE       0  CODE    


UNUSED ADDRESS RANGES

        Name                Unused          Largest block    Delta
        BANK10           000A00-000AFF              100
        BANK11           000B00-000BFF              100
        BANK12           000C00-000CFF              100
        BANK13           000D00-000DFF              100
        BANK14           000E00-000EFF              100
        BANK15           000F00-000FFF              100
        BANK16           001000-0010FF              100
        BANK17           001100-0011FF              100
        BANK18           001200-0012FF              100
        BANK19           001300-0013FF              100
        BANK20           001400-0014FF              100
        BANK21           001500-0015FF              100
        BANK5            000560-0005FF               A0
        BANK6            000600-0006FF              100
        BANK7            000700-0007FF              100
        BANK8            000800-0008FF              100
        BANK9            000900-0009FF              100
        BIGRAM           000507-0015FF             10F9
        CODE             000004-00FCE5             FCE2
        COMRAM           000507-00055F               59
        CONFIG           30000A-300011                8
        CONST            000004-00FCE5             FCE2
        EEDATA           380000-3801FF              200
        MEDIUMCONST      001600-00FCE5             E6E6
        RAM              000560-0015FF              100
        SFR              000000-0004FF              100
        SMALLCONST       001600-00FCE5              100
        STACK            000560-0015FF             10A0

                                  Symbol Table

_ACTCON                          (abs)        0000AC
_ADACCH                          (abs)        0003E4
_ADACCL                          (abs)        0003E3
_ADACCU                          (abs)        0003E5
_ADACQH                          (abs)        0003EF
_ADACQL                          (abs)        0003EE
_ADACT                           (abs)        0003F9
_ADCAP                           (abs)        0003F0
_ADCC_Initialize                 text9        00FDC8
_ADCLK                           (abs)        0003FA
_ADCNT                           (abs)        0003E6
_ADCON0                          (abs)        0003F3
_ADCON0bits                      (abs)        0003F3
_ADCON1                          (abs)        0003F4
_ADCON1bits                      (abs)        0003F4
_ADCON2                          (abs)        0003F5
_ADCON2bits                      (abs)        0003F5
_ADCON3                          (abs)        0003F6
_ADCON3bits                      (abs)        0003F6
_ADERRH                          (abs)        0003DE
_ADERRL                          (abs)        0003DD
_ADFLTRH                         (abs)        0003E2
_ADFLTRL                         (abs)        0003E1
_ADLTHH                          (abs)        0003DA
_ADLTHL                          (abs)        0003D9
_ADPCH                           (abs)        0003EC
_ADPREH                          (abs)        0003F2
_ADPREL                          (abs)        0003F1
_ADPREVH                         (abs)        0003E9
_ADPREVL                         (abs)        0003E8
_ADREF                           (abs)        0003F8
_ADRESH                          (abs)        0003EB
_ADRESL                          (abs)        0003EA
_ADRPT                           (abs)        0003E7
_ADSTAT                          (abs)        0003F7
_ADSTATbits                      (abs)        0003F7
_ADSTPTH                         (abs)        0003E0
_ADSTPTL                         (abs)        0003DF
_ADUTHH                          (abs)        0003DC
_ADUTHL                          (abs)        0003DB
_ANSELA                          (abs)        000400
_ANSELB                          (abs)        000408
_ANSELC                          (abs)        000410
_INLVLA                          (abs)        000404
_INLVLB                          (abs)        00040C
_INLVLC                          (abs)        000414
_LATA                            (abs)        0004BE
_LATB                            (abs)        0004BF
_LATBbits                        (abs)        0004BF
_LATC                            (abs)        0004C0
_ODCONA                          (abs)        000402
_ODCONB                          (abs)        00040A
_ODCONC                          (abs)        000412
_OSCCON1                         (abs)        0000AD
_OSCCON3                         (abs)        0000AF
_OSCEN                           (abs)        0000B3
_OSCFRQ                          (abs)        0000B1
_OSCILLATOR_Initialize           text8        00FD04
_OSCTUNE                         (abs)        0000B0
_PIN_MANAGER_Initialize          text7        00FD78
_PMD0                            (abs)        000063
_PMD1                            (abs)        000064
_PMD2                            (abs)        000065
_PMD3                            (abs)        000066
_PMD4                            (abs)        000067
_PMD5                            (abs)        000068
_PMD_Initialize                  text6        00FD20
_SLRCONA                         (abs)        000403
_SLRCONB                         (abs)        00040B
_SLRCONC                         (abs)        000413
_SYSTEM_Initialize               text5        00FCF2
_TRISA                           (abs)        0004C6
_TRISB                           (abs)        0004C7
_TRISC                           (abs)        0004C8
_WPUA                            (abs)        000401
_WPUB                            (abs)        000409
_WPUC                            (abs)        000411
__HRAM                           (abs)        000000
__Habs1                          abs1         000000
__Hbank10                        bank10       000000
__Hbank11                        bank11       000000
__Hbank12                        bank12       000000
__Hbank13                        bank13       000000
__Hbank14                        bank14       000000
__Hbank15                        bank15       000000
__Hbank16                        bank16       000000
__Hbank17                        bank17       000000
__Hbank18                        bank18       000000
__Hbank19                        bank19       000000
__Hbank20                        bank20       000000
__Hbank21                        bank21       000000
__Hbank5                         bank5        000000
__Hbank6                         bank6        000000
__Hbank7                         bank7        000000
__Hbank8                         bank8        000000
__Hbank9                         bank9        000000
__Hbigbss                        bigbss       000000
__Hbigdata                       bigdata      000000
__Hbigram                        bigram       000000
__Hbss                           bss          000000
__Hcinit                         cinit        000000
__Hclrtext                       clrtext      000000
__Hcomram                        comram       000000
__Hconfig                        config       30000A
__Hconst                         const        000000
__HcstackCOMRAM                  cstackCOMRAM 000000
__Hdata                          data         000000
__Heeprom_data                   eeprom_data  000000
__Hfarbss                        farbss       000000
__Hfardata                       fardata      000000
__Hibigdata                      ibigdata     000000
__Hidata                         idata        000000
__Hidloc                         idloc        200020
__Hifardata                      ifardata     000000
__Hinit                          init         010000
__Hintsave_regs                  intsave_regs 000000
__Hirdata                        irdata       000000
__Hmediumconst                   mediumconst  000000
__HnvFARRAM                      nvFARRAM     000000
__Hnvbit                         nvbit        000000
__Hnvrram                        nvrram       000000
__Hparam                         rparam       000000
__Hpowerup                       powerup      000000
__Hram                           ram          000000
__Hramtop                        ramtop       001600
__Hrbit                          rbit         000000
__Hrbss                          rbss         000000
__Hrdata                         rdata        000000
__Hreset_vec                     reset_vec    000004
__Hrparam                        rparam       000000
__Hsfr                           sfr          000000
__Hsmallconst                    smallconst   000000
__Hspace_0                       (abs)        010000
__Hspace_1                       (abs)        000507
__Hspace_2                       (abs)        000000
__Hspace_4                       (abs)        60000A
__Hstack                         stack        000000
__Hstruct                        struct       000000
__Htemp                          temp         000000
__Htext                          text         000000
__Htext0                         text0        000000
__Htext1                         text1        000000
__Htext2                         text2        000000
__Htext3                         text3        000000
__Htext4                         text4        000000
__Htext5                         text5        000000
__Htext6                         text6        000000
__Htext7                         text7        000000
__Htext8                         text8        000000
__Htext9                         text9        000000
__LRAM                           (abs)        000001
__Labs1                          abs1         000000
__Lbank10                        bank10       000000
__Lbank11                        bank11       000000
__Lbank12                        bank12       000000
__Lbank13                        bank13       000000
__Lbank14                        bank14       000000
__Lbank15                        bank15       000000
__Lbank16                        bank16       000000
__Lbank17                        bank17       000000
__Lbank18                        bank18       000000
__Lbank19                        bank19       000000
__Lbank20                        bank20       000000
__Lbank21                        bank21       000000
__Lbank5                         bank5        000000
__Lbank6                         bank6        000000
__Lbank7                         bank7        000000
__Lbank8                         bank8        000000
__Lbank9                         bank9        000000
__Lbigbss                        bigbss       000000
__Lbigdata                       bigdata      000000
__Lbigram                        bigram       000000
__Lbss                           bss          000000
__Lcinit                         cinit        000000
__Lclrtext                       clrtext      000000
__Lcomram                        comram       000000
__Lconfig                        config       000000
__Lconst                         const        000000
__LcstackCOMRAM                  cstackCOMRAM 000000
__Ldata                          data         000000
__Leeprom_data                   eeprom_data  000000
__Lfarbss                        farbss       000000
__Lfardata                       fardata      000000
__Libigdata                      ibigdata     000000
__Lidata                         idata        000000
__Lidloc                         idloc        000000
__Lifardata                      ifardata     000000
__Linit                          init         00FFFC
__Lintsave_regs                  intsave_regs 000000
__Lirdata                        irdata       000000
__Lmediumconst                   mediumconst  000000
__LnvFARRAM                      nvFARRAM     000000
__Lnvbit                         nvbit        000000
__Lnvrram                        nvrram       000000
__Lparam                         rparam       000000
__Lpowerup                       powerup      000000
__Lram                           ram          000000
__Lramtop                        ramtop       001600
__Lrbit                          rbit         000000
__Lrbss                          rbss         000000
__Lrdata                         rdata        000000
__Lreset_vec                     reset_vec    000000
__Lrparam                        rparam       000000
__Lsfr                           sfr          000000
__Lsmallconst                    smallconst   000000
__Lspace_0                       (abs)        000000
__Lspace_1                       (abs)        000000
__Lspace_2                       (abs)        000000
__Lspace_4                       (abs)        000000
__Lstack                         stack        000000
__Lstruct                        struct       000000
__Ltemp                          temp         000000
__Ltext                          text         000000
__Ltext0                         text0        000000
__Ltext1                         text1        000000
__Ltext2                         text2        000000
__Ltext3                         text3        000000
__Ltext4                         text4        000000
__Ltext5                         text5        000000
__Ltext6                         text6        000000
__Ltext7                         text7        000000
__Ltext8                         text8        000000
__Ltext9                         text9        000000
__S0                             (abs)        010000
__S1                             (abs)        000507
__S2                             (abs)        000000
__S4                             (abs)        000000
__S5                             (abs)        000000
___inthi_sp                      stack        000000
___intlo_sp                      stack        000000
___param_bank                    (abs)        000000
___rparam_used                   (abs)        000001
___sp                            stack        000000
__accesstop                      (abs)        000560
__activetblptr                   (abs)        000000
__end_of_ADCC_Initialize         text9        00FE24
__end_of_OSCILLATOR_Initialize   text8        00FD20
__end_of_PIN_MANAGER_Initialize  text7        00FDC8
__end_of_PMD_Initialize          text6        00FD3C
__end_of_SYSTEM_Initialize       text5        00FD04
__end_of__initialization         cinit        00FCEC
__end_of_c_WS2812B_Write         text1        00FD58
__end_of_main                    text0        00FFFC
__end_of_onePulse                text4        00FD78
__end_of_ws_send_byte            text2        00FEF8
__end_of_zeroPulse               text3        00FCEC
__initialization                 cinit        00FCEC
__mediumconst                    mediumconst  000000
__pcinit                         cinit        00FCEC
__pcstackCOMRAM                  cstackCOMRAM 000501
__ptext0                         text0        00FEF8
__ptext1                         text1        00FD3C
__ptext2                         text2        00FE24
__ptext3                         text3        00FCE6
__ptext4                         text4        00FD58
__ptext5                         text5        00FCF2
__ptext6                         text6        00FD20
__ptext7                         text7        00FD78
__ptext8                         text8        00FD04
__ptext9                         text9        00FDC8
__ramtop                         ramtop       001600
__size_of_ADCC_Initialize        (abs)        000000
__size_of_OSCILLATOR_Initialize  (abs)        000000
__size_of_PIN_MANAGER_Initialize (abs)        000000
__size_of_PMD_Initialize         (abs)        000000
__size_of_SYSTEM_Initialize      (abs)        000000
__size_of_c_WS2812B_Write        (abs)        000000
__size_of_main                   (abs)        000000
__size_of_onePulse               (abs)        000000
__size_of_ws_send_byte           (abs)        000000
__size_of_zeroPulse              (abs)        000000
__smallconst                     smallconst   000000
_c_WS2812B_Write                 text1        00FD3C
_main                            text0        00FEF8
_onePulse                        text4        00FD58
_ws_send_byte                    text2        00FE24
_zeroPulse                       text3        00FCE6
c_WS2812B_Write@B                cstackCOMRAM 000503
c_WS2812B_Write@G                cstackCOMRAM 000502
c_WS2812B_Write@R                cstackCOMRAM 000505
c_WS2812B_Write@W                cstackCOMRAM 000504
end_of_initialization            cinit        00FCEC
intlevel0                        text         000000
intlevel1                        text         000000
intlevel2                        text         000000
intlevel3                        text         000000
isa$std                          (abs)        000001
isa$xinst                        (abs)        000000
stackhi                          (abs)        0015FF
stacklo                          (abs)        000560
start                            init         00FFFC
start_initialization             cinit        00FCEC
ws_send_byte@K                   cstackCOMRAM 000501


MODULE INFORMATION

Module		Function		Class		Link	Load	Size
mcc_generated_files/pin_manager.c
		_PIN_MANAGER_Initialize		CODE           	FD78	0000	80

mcc_generated_files/pin_manager.c estimated size: 80

DivFunctions.c
		_c_WS2812B_Write		CODE           	FD3C	0000	28
		_onePulse      		CODE           	FD58	0000	32
		_zeroPulse     		CODE           	FCE6	0000	6
		_ws_send_byte  		CODE           	FE24	0000	212

DivFunctions.c estimated size: 278

shared
		__initialization		CODE           	FCEC	0000	1

shared estimated size: 1

mcc_generated_files/mcc.c
		_PMD_Initialize		CODE           	FD20	0000	28
		_OSCILLATOR_Initialize		CODE           	FD04	0000	28
		_SYSTEM_Initialize		CODE           	FCF2	0000	18

mcc_generated_files/mcc.c estimated size: 74

mcc_generated_files/adcc.c
		_ADCC_Initialize		CODE           	FDC8	0000	92

mcc_generated_files/adcc.c estimated size: 92

main.c
		_main          		CODE           	FEF8	0000	260

main.c estimated size: 260

